2025-09-27 00:51:28,133 - INFO - 开始加载股票 601318 的基本信息
2025-09-27 00:51:28,409 - INFO - 成功加载股票信息: 中国平安
2025-09-27 00:51:28,409 - INFO - 开始加载股票 601318 的历史价格数据
2025-09-27 00:51:28,585 - INFO - 成功加载历史价格数据，共 244 条记录
2025-09-27 00:51:28,585 - INFO - 开始加载股票 601318 的财务数据
2025-09-27 00:51:28,863 - WARNING - 财务指标数据为空
2025-09-27 00:51:44,923 - INFO - 成功加载实时数据
2025-09-27 00:51:44,924 - INFO - 财务数据加载完成
2025-09-27 00:51:44,925 - INFO - 开始执行DCF估值分析
2025-09-27 00:51:44,925 - WARNING - 财务指标为空，无法执行DCF估值
2025-09-27 00:51:44,925 - INFO - 开始执行相对估值分析
2025-09-27 00:51:44,925 - INFO - 相对估值完成: PE估值 55.22 元, PB估值 55.22 元
2025-09-27 00:51:44,925 - INFO - 开始执行资产基础估值分析
2025-09-27 00:51:44,925 - WARNING - 财务指标为空，无法执行资产基础估值
2025-09-27 00:51:44,925 - INFO - 开始执行蒙特卡洛模拟估值，模拟次数: 1000
2025-09-27 00:51:44,926 - INFO - 蒙特卡洛模拟进度: 100/1000
2025-09-27 00:51:44,927 - INFO - 蒙特卡洛模拟进度: 200/1000
2025-09-27 00:51:44,927 - INFO - 蒙特卡洛模拟进度: 300/1000
2025-09-27 00:51:44,928 - INFO - 蒙特卡洛模拟进度: 400/1000
2025-09-27 00:51:44,929 - INFO - 蒙特卡洛模拟进度: 500/1000
2025-09-27 00:51:44,929 - INFO - 蒙特卡洛模拟进度: 600/1000
2025-09-27 00:51:44,930 - INFO - 蒙特卡洛模拟进度: 700/1000
2025-09-27 00:51:44,931 - INFO - 蒙特卡洛模拟进度: 800/1000
2025-09-27 00:51:44,932 - INFO - 蒙特卡洛模拟进度: 900/1000
2025-09-27 00:51:44,933 - INFO - 蒙特卡洛模拟进度: 1000/1000
2025-09-27 00:51:44,933 - INFO - 蒙特卡洛模拟完成: 平均价格 63.77 元, 95%置信区间 34.33-105.04 元
2025-09-27 00:51:44,934 - INFO - 开始执行股利贴现模型分析
2025-09-27 00:51:44,934 - INFO - 使用标准DDM公式计算内在价值
2025-09-27 00:51:44,934 - INFO - 股利贴现模型完成: 内在价值 34.79 元
2025-09-27 00:51:44,934 - INFO - 开始执行风险分析
2025-09-27 00:51:44,936 - INFO - 风险分析完成: 年化波动率 29.01%, 夏普比率 0.54, 最大回撤 -20.73%
2025-09-27 00:51:44,936 - INFO - 开始生成可视化图表
2025-09-27 00:51:45,790 - INFO - 图表已保存到文件: 估值图表_中国平安_601318_20250927_005145.png
2025-09-27 00:52:52,375 - INFO - 开始加载股票 601318 的基本信息
2025-09-27 00:52:52,559 - INFO - 成功加载股票信息: 中国平安
2025-09-27 00:52:52,559 - INFO - 开始加载股票 601318 的历史价格数据
2025-09-27 00:52:52,749 - INFO - 成功加载历史价格数据，共 244 条记录
2025-09-27 00:52:52,749 - INFO - 开始加载股票 601318 的财务数据
2025-09-27 00:52:52,995 - WARNING - 财务指标数据为空
2025-09-27 00:53:05,534 - INFO - 成功加载实时数据
2025-09-27 00:53:05,534 - INFO - 财务数据加载完成
2025-09-27 00:53:05,536 - INFO - 开始执行DCF估值分析
2025-09-27 00:53:05,536 - WARNING - 财务指标为空，无法执行DCF估值
2025-09-27 00:53:05,536 - INFO - 开始执行相对估值分析
2025-09-27 00:53:05,537 - INFO - 相对估值完成: PE估值 55.22 元, PB估值 55.22 元
2025-09-27 00:53:05,537 - INFO - 开始执行资产基础估值分析
2025-09-27 00:53:05,537 - WARNING - 财务指标为空，无法执行资产基础估值
2025-09-27 00:53:05,537 - INFO - 开始执行蒙特卡洛模拟估值，模拟次数: 1000
2025-09-27 00:53:05,538 - INFO - 蒙特卡洛模拟进度: 100/1000
2025-09-27 00:53:05,539 - INFO - 蒙特卡洛模拟进度: 200/1000
2025-09-27 00:53:05,540 - INFO - 蒙特卡洛模拟进度: 300/1000
2025-09-27 00:53:05,541 - INFO - 蒙特卡洛模拟进度: 400/1000
2025-09-27 00:53:05,541 - INFO - 蒙特卡洛模拟进度: 500/1000
2025-09-27 00:53:05,542 - INFO - 蒙特卡洛模拟进度: 600/1000
2025-09-27 00:53:05,543 - INFO - 蒙特卡洛模拟进度: 700/1000
2025-09-27 00:53:05,544 - INFO - 蒙特卡洛模拟进度: 800/1000
2025-09-27 00:53:05,544 - INFO - 蒙特卡洛模拟进度: 900/1000
2025-09-27 00:53:05,545 - INFO - 蒙特卡洛模拟进度: 1000/1000
2025-09-27 00:53:05,545 - INFO - 蒙特卡洛模拟完成: 平均价格 62.88 元, 95%置信区间 34.40-104.08 元
2025-09-27 00:53:05,546 - INFO - 开始执行股利贴现模型分析
2025-09-27 00:53:05,546 - INFO - 使用标准DDM公式计算内在价值
2025-09-27 00:53:05,546 - INFO - 股利贴现模型完成: 内在价值 34.79 元
2025-09-27 00:53:05,546 - INFO - 开始执行风险分析
2025-09-27 00:53:05,547 - INFO - 风险分析完成: 年化波动率 29.01%, 夏普比率 0.54, 最大回撤 -20.73%
2025-09-27 00:53:05,547 - INFO - 开始生成可视化图表
2025-09-27 00:53:06,288 - INFO - 图表已保存到文件: 估值图表_中国平安_601318_20250927_005305.png
2025-09-27 15:41:37,954 - INFO - 开始加载股票 601318 的基本信息
2025-09-27 15:41:38,165 - INFO - 成功加载股票信息: 中国平安
2025-09-27 15:41:38,165 - INFO - 开始加载股票 601318 的历史价格数据
2025-09-27 15:41:38,333 - INFO - 成功加载历史价格数据，共 244 条记录
2025-09-27 15:41:38,333 - INFO - 开始加载股票 601318 的财务数据
2025-09-27 15:41:38,585 - WARNING - 财务指标数据为空
2025-09-27 15:41:49,065 - INFO - 成功加载实时数据
2025-09-27 15:41:49,065 - INFO - 财务数据加载完成
2025-09-27 15:41:49,067 - INFO - 开始执行DCF估值分析
2025-09-27 15:41:49,067 - WARNING - 财务指标为空，无法执行DCF估值
2025-09-27 15:41:49,067 - INFO - 开始执行相对估值分析
2025-09-27 15:41:49,067 - INFO - 相对估值完成: PE估值 55.22 元, PB估值 55.22 元
2025-09-27 15:41:49,067 - INFO - 开始执行资产基础估值分析
2025-09-27 15:41:49,068 - WARNING - 财务指标为空，无法执行资产基础估值
2025-09-27 15:41:49,068 - INFO - 开始执行蒙特卡洛模拟估值，模拟次数: 1000
2025-09-27 15:41:49,069 - INFO - 蒙特卡洛模拟进度: 100/1000
2025-09-27 15:41:49,070 - INFO - 蒙特卡洛模拟进度: 200/1000
2025-09-27 15:41:49,070 - INFO - 蒙特卡洛模拟进度: 300/1000
2025-09-27 15:41:49,071 - INFO - 蒙特卡洛模拟进度: 400/1000
2025-09-27 15:41:49,072 - INFO - 蒙特卡洛模拟进度: 500/1000
2025-09-27 15:41:49,072 - INFO - 蒙特卡洛模拟进度: 600/1000
2025-09-27 15:41:49,073 - INFO - 蒙特卡洛模拟进度: 700/1000
2025-09-27 15:41:49,074 - INFO - 蒙特卡洛模拟进度: 800/1000
2025-09-27 15:41:49,075 - INFO - 蒙特卡洛模拟进度: 900/1000
2025-09-27 15:41:49,075 - INFO - 蒙特卡洛模拟进度: 1000/1000
2025-09-27 15:41:49,076 - INFO - 蒙特卡洛模拟完成: 平均价格 65.11 元, 95%置信区间 35.17-113.96 元
2025-09-27 15:41:49,076 - INFO - 开始执行股利贴现模型分析
2025-09-27 15:41:49,076 - INFO - 使用标准DDM公式计算内在价值
2025-09-27 15:41:49,076 - INFO - 股利贴现模型完成: 内在价值 34.79 元
2025-09-27 15:41:49,076 - INFO - 开始执行风险分析
2025-09-27 15:41:49,078 - INFO - 风险分析完成: 年化波动率 29.01%, 夏普比率 0.54, 最大回撤 -20.73%
2025-09-27 15:41:49,078 - INFO - 开始生成可视化图表
2025-09-27 15:41:49,956 - INFO - 图表已保存到文件: 估值图表_中国平安_601318_20250927_154149.png
2025-09-27 15:43:54,734 - INFO - 开始加载股票 601318 的基本信息
2025-09-27 15:43:54,912 - INFO - 成功加载股票信息: 中国平安
2025-09-27 15:43:54,912 - INFO - 开始加载股票 601318 的历史价格数据
2025-09-27 15:43:55,074 - INFO - 成功加载历史价格数据，共 244 条记录
2025-09-27 15:43:55,074 - INFO - 开始加载股票 601318 的财务数据
2025-09-27 15:43:55,326 - WARNING - 财务指标数据为空
2025-09-27 15:43:55,498 - WARNING - 加载实时数据失败: HTTPSConnectionPool(host='82.push2.eastmoney.com', port=443): Max retries exceeded with url: /api/qt/clist/get?pn=1&pz=100&po=1&np=1&ut=bd1d9ddb04089700cf9c27f6f7426281&fltt=2&invt=2&fid=f12&fs=m%3A0+t%3A6%2Cm%3A0+t%3A80%2Cm%3A1+t%3A2%2Cm%3A1+t%3A23%2Cm%3A0+t%3A81+s%3A2048&fields=f1%2Cf2%2Cf3%2Cf4%2Cf5%2Cf6%2Cf7%2Cf8%2Cf9%2Cf10%2Cf12%2Cf13%2Cf14%2Cf15%2Cf16%2Cf17%2Cf18%2Cf20%2Cf21%2Cf23%2Cf24%2Cf25%2Cf22%2Cf11%2Cf62%2Cf128%2Cf136%2Cf115%2Cf152 (Caused by ProxyError('Unable to connect to proxy', RemoteDisconnected('Remote end closed connection without response')))
2025-09-27 15:43:55,500 - WARNING - 所有财务数据加载失败，使用演示数据
2025-09-27 15:43:55,500 - INFO - 为 601318 创建演示数据...
2025-09-27 15:43:55,512 - INFO - 演示数据创建完成
2025-09-27 15:43:55,513 - INFO - 开始执行DCF估值分析
2025-09-27 15:43:55,514 - INFO - 使用实际总股本: 181076419950000.0
2025-09-27 15:43:55,514 - INFO - DCF估值完成: 内在价值 0.00 元
2025-09-27 15:43:55,514 - INFO - 开始执行相对估值分析
2025-09-27 15:43:55,514 - INFO - 相对估值完成: PE估值 0.00 元, PB估值 0.00 元
2025-09-27 15:43:55,514 - INFO - 开始执行资产基础估值分析
2025-09-27 15:43:55,514 - INFO - 资产基础估值完成: 每股净资产 0.00 元
2025-09-27 15:43:55,515 - INFO - 开始执行蒙特卡洛模拟估值，模拟次数: 1000
2025-09-27 15:43:55,516 - INFO - 蒙特卡洛模拟进度: 100/1000
2025-09-27 15:43:55,516 - INFO - 蒙特卡洛模拟进度: 200/1000
2025-09-27 15:43:55,517 - INFO - 蒙特卡洛模拟进度: 300/1000
2025-09-27 15:43:55,518 - INFO - 蒙特卡洛模拟进度: 400/1000
2025-09-27 15:43:55,519 - INFO - 蒙特卡洛模拟进度: 500/1000
2025-09-27 15:43:55,519 - INFO - 蒙特卡洛模拟进度: 600/1000
2025-09-27 15:43:55,520 - INFO - 蒙特卡洛模拟进度: 700/1000
2025-09-27 15:43:55,521 - INFO - 蒙特卡洛模拟进度: 800/1000
2025-09-27 15:43:55,522 - INFO - 蒙特卡洛模拟进度: 900/1000
2025-09-27 15:43:55,522 - INFO - 蒙特卡洛模拟进度: 1000/1000
2025-09-27 15:43:55,523 - INFO - 蒙特卡洛模拟完成: 平均价格 43.94 元, 95%置信区间 21.42-79.31 元
2025-09-27 15:43:55,523 - INFO - 开始执行股利贴现模型分析
2025-09-27 15:43:55,523 - INFO - 使用标准DDM公式计算内在价值
2025-09-27 15:43:55,523 - INFO - 股利贴现模型完成: 内在价值 28.04 元
2025-09-27 15:43:55,523 - INFO - 开始执行风险分析
2025-09-27 15:43:55,524 - INFO - 风险分析完成: 年化波动率 34.49%, 夏普比率 0.01, 最大回撤 -25.83%
2025-09-27 15:43:55,525 - INFO - 开始生成可视化图表
2025-09-27 15:43:56,283 - INFO - 图表已保存到文件: 估值图表_中国平安_601318_20250927_154355.png
2025-09-27 15:45:55,731 - INFO - 开始加载股票 601318\ 的基本信息
2025-09-27 15:45:55,910 - ERROR - 加载股票信息失败: If using all scalar values, you must pass an index
2025-09-27 15:45:55,910 - INFO - 使用演示数据继续分析
2025-09-27 15:45:55,910 - INFO - 为 601318\ 创建演示数据...
2025-09-27 15:45:55,911 - INFO - 演示数据创建完成
2025-09-27 15:45:55,912 - INFO - 开始加载股票 601318\ 的历史价格数据
2025-09-27 15:45:56,078 - WARNING - 历史价格数据为空，使用演示数据
2025-09-27 15:45:56,078 - INFO - 为 601318\ 创建演示数据...
2025-09-27 15:45:56,080 - INFO - 演示数据创建完成
2025-09-27 15:45:56,080 - INFO - 开始加载股票 601318\ 的财务数据
2025-09-27 15:45:56,338 - WARNING - 财务指标数据为空
2025-09-27 15:46:07,340 - WARNING - 所有财务数据加载失败，使用演示数据
2025-09-27 15:46:07,340 - INFO - 为 601318\ 创建演示数据...
2025-09-27 15:46:07,341 - INFO - 演示数据创建完成
2025-09-27 15:46:07,342 - INFO - 开始执行DCF估值分析
2025-09-27 15:46:07,342 - INFO - 使用实际总股本: 1000000000.0
2025-09-27 15:46:07,342 - INFO - DCF估值完成: 内在价值 0.00 元
2025-09-27 15:46:07,342 - INFO - 开始执行相对估值分析
2025-09-27 15:46:07,342 - INFO - 使用实际市盈率: 25.5
2025-09-27 15:46:07,342 - INFO - 相对估值完成: PE估值 0.00 元, PB估值 0.00 元
2025-09-27 15:46:07,344 - INFO - 开始执行资产基础估值分析
2025-09-27 15:46:07,344 - INFO - 资产基础估值完成: 每股净资产 0.00 元
2025-09-27 15:46:07,344 - INFO - 开始执行蒙特卡洛模拟估值，模拟次数: 1000
2025-09-27 15:46:07,345 - INFO - 蒙特卡洛模拟进度: 100/1000
2025-09-27 15:46:07,346 - INFO - 蒙特卡洛模拟进度: 200/1000
2025-09-27 15:46:07,347 - INFO - 蒙特卡洛模拟进度: 300/1000
2025-09-27 15:46:07,348 - INFO - 蒙特卡洛模拟进度: 400/1000
2025-09-27 15:46:07,348 - INFO - 蒙特卡洛模拟进度: 500/1000
2025-09-27 15:46:07,349 - INFO - 蒙特卡洛模拟进度: 600/1000
2025-09-27 15:46:07,350 - INFO - 蒙特卡洛模拟进度: 700/1000
2025-09-27 15:46:07,351 - INFO - 蒙特卡洛模拟进度: 800/1000
2025-09-27 15:46:07,351 - INFO - 蒙特卡洛模拟进度: 900/1000
2025-09-27 15:46:07,352 - INFO - 蒙特卡洛模拟进度: 1000/1000
2025-09-27 15:46:07,352 - INFO - 蒙特卡洛模拟完成: 平均价格 97.55 元, 95%置信区间 48.11-177.30 元
2025-09-27 15:46:07,353 - INFO - 开始执行股利贴现模型分析
2025-09-27 15:46:07,353 - INFO - 使用标准DDM公式计算内在价值
2025-09-27 15:46:07,353 - INFO - 股利贴现模型完成: 内在价值 35.87 元
2025-09-27 15:46:07,353 - INFO - 开始执行风险分析
2025-09-27 15:46:07,354 - INFO - 风险分析完成: 年化波动率 34.76%, 夏普比率 1.53, 最大回撤 -20.62%
2025-09-27 15:46:07,354 - INFO - 开始生成可视化图表
2025-09-27 15:46:07,707 - ERROR - 图表生成失败: [Errno 2] No such file or directory: '估值图表_601318\\演示公司_601318\\_20250927_154607.png'
2025-09-27 15:46:14,766 - INFO - 开始加载股票 601318 的基本信息
2025-09-27 15:46:14,940 - INFO - 成功加载股票信息: 中国平安
2025-09-27 15:46:14,940 - INFO - 开始加载股票 601318 的历史价格数据
2025-09-27 15:46:15,121 - INFO - 成功加载历史价格数据，共 244 条记录
2025-09-27 15:46:15,121 - INFO - 开始加载股票 601318 的财务数据
2025-09-27 15:46:15,364 - WARNING - 财务指标数据为空
2025-09-27 15:46:25,405 - INFO - 成功加载实时数据
2025-09-27 15:46:25,416 - INFO - 财务数据{'realtime': 序号                   1530
代码                 601318
名称                   中国平安
最新价                 55.22
涨跌幅                  0.24
涨跌额                  0.13
成交量              548622.0
成交额          3021459544.0
振幅                   1.62
最高                  55.55
最低                  54.66
今开                  55.02
昨收                  55.09
量比                   1.08
换手率                  0.51
市盈率-动态               7.35
市净率                  1.06
总市值        999903990964.0
流通市值       588648793883.0
涨速                  -0.02
5分钟涨跌               -0.07
60日涨跌幅              -2.39
年初至今涨跌幅              8.17
Name: 1529, dtype: object}
2025-09-27 15:46:25,416 - INFO - 财务数据加载完成
2025-09-27 15:46:25,417 - INFO - 开始执行DCF估值分析
2025-09-27 15:46:25,418 - WARNING - 财务指标为空，无法执行DCF估值
2025-09-27 15:46:25,418 - INFO - 开始执行相对估值分析
2025-09-27 15:46:25,418 - INFO - 相对估值完成: PE估值 55.22 元, PB估值 55.22 元
2025-09-27 15:46:25,418 - INFO - 开始执行资产基础估值分析
2025-09-27 15:46:25,418 - WARNING - 财务指标为空，无法执行资产基础估值
2025-09-27 15:46:25,418 - INFO - 开始执行蒙特卡洛模拟估值，模拟次数: 1000
2025-09-27 15:46:25,419 - INFO - 蒙特卡洛模拟进度: 100/1000
2025-09-27 15:46:25,420 - INFO - 蒙特卡洛模拟进度: 200/1000
2025-09-27 15:46:25,421 - INFO - 蒙特卡洛模拟进度: 300/1000
2025-09-27 15:46:25,421 - INFO - 蒙特卡洛模拟进度: 400/1000
2025-09-27 15:46:25,422 - INFO - 蒙特卡洛模拟进度: 500/1000
2025-09-27 15:46:25,423 - INFO - 蒙特卡洛模拟进度: 600/1000
2025-09-27 15:46:25,423 - INFO - 蒙特卡洛模拟进度: 700/1000
2025-09-27 15:46:25,424 - INFO - 蒙特卡洛模拟进度: 800/1000
2025-09-27 15:46:25,425 - INFO - 蒙特卡洛模拟进度: 900/1000
2025-09-27 15:46:25,426 - INFO - 蒙特卡洛模拟进度: 1000/1000
2025-09-27 15:46:25,426 - INFO - 蒙特卡洛模拟完成: 平均价格 64.65 元, 95%置信区间 36.30-112.99 元
2025-09-27 15:46:25,426 - INFO - 开始执行股利贴现模型分析
2025-09-27 15:46:25,426 - INFO - 使用标准DDM公式计算内在价值
2025-09-27 15:46:25,426 - INFO - 股利贴现模型完成: 内在价值 34.79 元
2025-09-27 15:46:25,427 - INFO - 开始执行风险分析
2025-09-27 15:46:25,428 - INFO - 风险分析完成: 年化波动率 29.01%, 夏普比率 0.54, 最大回撤 -20.73%
2025-09-27 15:46:25,428 - INFO - 开始生成可视化图表
2025-09-27 15:46:26,183 - INFO - 图表已保存到文件: 估值图表_中国平安_601318_20250927_154625.png
2025-09-27 17:30:54,249 - INFO - 开始加载股票 000001 的财务数据
2025-09-27 17:30:54,947 - INFO - 成功加载财务摘要数据，最新期间: 20250630
2025-09-27 17:31:07,083 - INFO - 成功加载实时数据
2025-09-27 17:31:07,083 - INFO - 财务数据加载完成，包含 2 个数据源
2025-09-27 17:32:35,819 - INFO - 开始加载股票 601318 的基本信息
2025-09-27 17:32:36,025 - INFO - 成功加载股票信息: 中国平安
2025-09-27 17:32:36,025 - INFO - 开始加载股票 601318 的历史价格数据
2025-09-27 17:32:36,227 - INFO - 成功加载历史价格数据，共 244 条记录
2025-09-27 17:32:36,227 - INFO - 开始加载股票 601318 的财务数据
2025-09-27 17:32:36,797 - INFO - 成功加载财务摘要数据，最新期间: 20250630
2025-09-27 17:32:49,172 - INFO - 成功加载实时数据
2025-09-27 17:32:49,172 - INFO - 财务数据加载完成，包含 2 个数据源
2025-09-27 17:32:49,173 - INFO - 开始执行DCF估值分析
2025-09-27 17:32:49,174 - INFO - 使用实际总股本: 181076419950000.0
2025-09-27 17:32:49,174 - INFO - DCF估值完成: 内在价值 0.01 元
2025-09-27 17:32:49,174 - INFO - 开始执行相对估值分析
2025-09-27 17:32:49,175 - INFO - 相对估值完成: PE估值 96.75 元, PB估值 155.51 元
2025-09-27 17:32:49,175 - INFO - 开始执行资产基础估值分析
2025-09-27 17:32:49,175 - INFO - 资产基础估值完成: 每股净资产 51.84 元
2025-09-27 17:32:49,175 - INFO - 开始执行蒙特卡洛模拟估值，模拟次数: 1000
2025-09-27 17:32:49,176 - INFO - 蒙特卡洛模拟进度: 100/1000
2025-09-27 17:32:49,177 - INFO - 蒙特卡洛模拟进度: 200/1000
2025-09-27 17:32:49,178 - INFO - 蒙特卡洛模拟进度: 300/1000
2025-09-27 17:32:49,179 - INFO - 蒙特卡洛模拟进度: 400/1000
2025-09-27 17:32:49,179 - INFO - 蒙特卡洛模拟进度: 500/1000
2025-09-27 17:32:49,181 - INFO - 蒙特卡洛模拟进度: 600/1000
2025-09-27 17:32:49,182 - INFO - 蒙特卡洛模拟进度: 700/1000
2025-09-27 17:32:49,182 - INFO - 蒙特卡洛模拟进度: 800/1000
2025-09-27 17:32:49,183 - INFO - 蒙特卡洛模拟进度: 900/1000
2025-09-27 17:32:49,184 - INFO - 蒙特卡洛模拟进度: 1000/1000
2025-09-27 17:32:49,184 - INFO - 蒙特卡洛模拟完成: 平均价格 64.65 元, 95%置信区间 35.75-110.13 元
2025-09-27 17:32:49,185 - INFO - 开始执行股利贴现模型分析
2025-09-27 17:32:49,185 - INFO - 使用标准DDM公式计算内在价值
2025-09-27 17:32:49,185 - INFO - 股利贴现模型完成: 内在价值 34.79 元
2025-09-27 17:32:49,185 - INFO - 开始执行风险分析
2025-09-27 17:32:49,186 - INFO - 风险分析完成: 年化波动率 29.01%, 夏普比率 0.54, 最大回撤 -20.73%
2025-09-27 17:32:49,187 - INFO - 开始生成可视化图表
2025-09-27 17:32:49,973 - INFO - 图表已保存到文件: 估值图表_中国平安_601318_20250927_173249.png
